// Jest Snapshot v1, https://goo.gl/fbAQLP

exports[`<Scorer/> component should render correctly 1`] = `ShallowWrapper {}`;
