// Jest Snapshot v1, https://goo.gl/fbAQLP

exports[`<TennisGame/> component should render correctly 1`] = `ReactWrapper {}`;
